// Vitest Snapshot v1, https://vitest.dev/guide/snapshot.html

exports[`ShowDoneTasksCheckbox > should match snapshot as selected 1`] = `
{
  "asFragment": [Function],
  "baseElement": <body>
    <div>
      <label
        class="group relative max-w-fit inline-flex items-center justify-start cursor-pointer tap-highlight-transparent p-2 -m-2"
        data-selected="true"
      >
        <span
          style="border: 0px; clip-path: inset(50%); height: 1px; margin: -1px; overflow: hidden; padding: 0px; position: absolute; width: 1px; white-space: nowrap;"
        >
          <input
            aria-label="Show done tasks"
            aria-labelledby=":r1:"
            type="checkbox"
            value=""
          />
        </span>
        <span
          aria-hidden="true"
          class="relative inline-flex items-center justify-center flex-shrink-0 overflow-hidden before:content-[''] before:absolute before:inset-0 before:border-solid before:border-2 before:box-border before:border-default after:content-[''] after:absolute after:inset-0 after:scale-50 after:opacity-0 after:origin-center group-data-[selected=true]:after:scale-100 group-data-[selected=true]:after:opacity-100 group-data-[hover=true]:before:bg-default-100 outline-none group-data-[focus-visible=true]:z-10 group-data-[focus-visible=true]:ring-2 group-data-[focus-visible=true]:ring-focus group-data-[focus-visible=true]:ring-offset-2 group-data-[focus-visible=true]:ring-offset-background after:bg-primary after:text-primary-foreground text-primary-foreground w-5 h-5 mr-2 rtl:ml-2 rtl:mr-[unset] rounded-[calc(theme(borderRadius.medium)*0.6)] before:rounded-[calc(theme(borderRadius.medium)*0.6)] after:rounded-[calc(theme(borderRadius.medium)*0.6)] before:transition-colors group-data-[pressed=true]:scale-95 transition-transform after:transition-transform-opacity after:!ease-linear after:!duration-200 motion-reduce:transition-none"
        >
          <svg
            aria-hidden="true"
            class="z-10 opacity-0 group-data-[selected=true]:opacity-100 w-4 h-3 transition-opacity motion-reduce:transition-none"
            role="presentation"
            viewBox="0 0 17 18"
          >
            <polyline
              fill="none"
              points="1 9 7 14 15 4"
              stroke="currentColor"
              stroke-dasharray="22"
              stroke-dashoffset="44"
              stroke-linecap="round"
              stroke-linejoin="round"
              stroke-width="2"
              style="transition: stroke-dashoffset 250ms linear 0.2s;"
            />
          </svg>
        </span>
        <span
          class="relative text-foreground select-none text-medium transition-colors-opacity before:transition-width motion-reduce:transition-none"
          id=":r1:"
        >
          Show done tasks
        </span>
      </label>
    </div>
  </body>,
  "container": <div>
    <label
      class="group relative max-w-fit inline-flex items-center justify-start cursor-pointer tap-highlight-transparent p-2 -m-2"
      data-selected="true"
    >
      <span
        style="border: 0px; clip-path: inset(50%); height: 1px; margin: -1px; overflow: hidden; padding: 0px; position: absolute; width: 1px; white-space: nowrap;"
      >
        <input
          aria-label="Show done tasks"
          aria-labelledby=":r1:"
          type="checkbox"
          value=""
        />
      </span>
      <span
        aria-hidden="true"
        class="relative inline-flex items-center justify-center flex-shrink-0 overflow-hidden before:content-[''] before:absolute before:inset-0 before:border-solid before:border-2 before:box-border before:border-default after:content-[''] after:absolute after:inset-0 after:scale-50 after:opacity-0 after:origin-center group-data-[selected=true]:after:scale-100 group-data-[selected=true]:after:opacity-100 group-data-[hover=true]:before:bg-default-100 outline-none group-data-[focus-visible=true]:z-10 group-data-[focus-visible=true]:ring-2 group-data-[focus-visible=true]:ring-focus group-data-[focus-visible=true]:ring-offset-2 group-data-[focus-visible=true]:ring-offset-background after:bg-primary after:text-primary-foreground text-primary-foreground w-5 h-5 mr-2 rtl:ml-2 rtl:mr-[unset] rounded-[calc(theme(borderRadius.medium)*0.6)] before:rounded-[calc(theme(borderRadius.medium)*0.6)] after:rounded-[calc(theme(borderRadius.medium)*0.6)] before:transition-colors group-data-[pressed=true]:scale-95 transition-transform after:transition-transform-opacity after:!ease-linear after:!duration-200 motion-reduce:transition-none"
      >
        <svg
          aria-hidden="true"
          class="z-10 opacity-0 group-data-[selected=true]:opacity-100 w-4 h-3 transition-opacity motion-reduce:transition-none"
          role="presentation"
          viewBox="0 0 17 18"
        >
          <polyline
            fill="none"
            points="1 9 7 14 15 4"
            stroke="currentColor"
            stroke-dasharray="22"
            stroke-dashoffset="44"
            stroke-linecap="round"
            stroke-linejoin="round"
            stroke-width="2"
            style="transition: stroke-dashoffset 250ms linear 0.2s;"
          />
        </svg>
      </span>
      <span
        class="relative text-foreground select-none text-medium transition-colors-opacity before:transition-width motion-reduce:transition-none"
        id=":r1:"
      >
        Show done tasks
      </span>
    </label>
  </div>,
  "debug": [Function],
  "findAllByAltText": [Function],
  "findAllByDisplayValue": [Function],
  "findAllByLabelText": [Function],
  "findAllByPlaceholderText": [Function],
  "findAllByRole": [Function],
  "findAllByTestId": [Function],
  "findAllByText": [Function],
  "findAllByTitle": [Function],
  "findByAltText": [Function],
  "findByDisplayValue": [Function],
  "findByLabelText": [Function],
  "findByPlaceholderText": [Function],
  "findByRole": [Function],
  "findByTestId": [Function],
  "findByText": [Function],
  "findByTitle": [Function],
  "getAllByAltText": [Function],
  "getAllByDisplayValue": [Function],
  "getAllByLabelText": [Function],
  "getAllByPlaceholderText": [Function],
  "getAllByRole": [Function],
  "getAllByTestId": [Function],
  "getAllByText": [Function],
  "getAllByTitle": [Function],
  "getByAltText": [Function],
  "getByDisplayValue": [Function],
  "getByLabelText": [Function],
  "getByPlaceholderText": [Function],
  "getByRole": [Function],
  "getByTestId": [Function],
  "getByText": [Function],
  "getByTitle": [Function],
  "queryAllByAltText": [Function],
  "queryAllByDisplayValue": [Function],
  "queryAllByLabelText": [Function],
  "queryAllByPlaceholderText": [Function],
  "queryAllByRole": [Function],
  "queryAllByTestId": [Function],
  "queryAllByText": [Function],
  "queryAllByTitle": [Function],
  "queryByAltText": [Function],
  "queryByDisplayValue": [Function],
  "queryByLabelText": [Function],
  "queryByPlaceholderText": [Function],
  "queryByRole": [Function],
  "queryByTestId": [Function],
  "queryByText": [Function],
  "queryByTitle": [Function],
  "rerender": [Function],
  "unmount": [Function],
}
`;

exports[`ShowDoneTasksCheckbox > should match snapshot as unselected 1`] = `
{
  "asFragment": [Function],
  "baseElement": <body>
    <div>
      <label
        class="group relative max-w-fit inline-flex items-center justify-start cursor-pointer tap-highlight-transparent p-2 -m-2"
      >
        <span
          style="border: 0px; clip-path: inset(50%); height: 1px; margin: -1px; overflow: hidden; padding: 0px; position: absolute; width: 1px; white-space: nowrap;"
        >
          <input
            aria-label="Show done tasks"
            aria-labelledby=":r0:"
            type="checkbox"
            value=""
          />
        </span>
        <span
          aria-hidden="true"
          class="relative inline-flex items-center justify-center flex-shrink-0 overflow-hidden before:content-[''] before:absolute before:inset-0 before:border-solid before:border-2 before:box-border before:border-default after:content-[''] after:absolute after:inset-0 after:scale-50 after:opacity-0 after:origin-center group-data-[selected=true]:after:scale-100 group-data-[selected=true]:after:opacity-100 group-data-[hover=true]:before:bg-default-100 outline-none group-data-[focus-visible=true]:z-10 group-data-[focus-visible=true]:ring-2 group-data-[focus-visible=true]:ring-focus group-data-[focus-visible=true]:ring-offset-2 group-data-[focus-visible=true]:ring-offset-background after:bg-primary after:text-primary-foreground text-primary-foreground w-5 h-5 mr-2 rtl:ml-2 rtl:mr-[unset] rounded-[calc(theme(borderRadius.medium)*0.6)] before:rounded-[calc(theme(borderRadius.medium)*0.6)] after:rounded-[calc(theme(borderRadius.medium)*0.6)] before:transition-colors group-data-[pressed=true]:scale-95 transition-transform after:transition-transform-opacity after:!ease-linear after:!duration-200 motion-reduce:transition-none"
        >
          <svg
            aria-hidden="true"
            class="z-10 opacity-0 group-data-[selected=true]:opacity-100 w-4 h-3 transition-opacity motion-reduce:transition-none"
            role="presentation"
            viewBox="0 0 17 18"
          >
            <polyline
              fill="none"
              points="1 9 7 14 15 4"
              stroke="currentColor"
              stroke-dasharray="22"
              stroke-dashoffset="66"
              stroke-linecap="round"
              stroke-linejoin="round"
              stroke-width="2"
            />
          </svg>
        </span>
        <span
          class="relative text-foreground select-none text-medium transition-colors-opacity before:transition-width motion-reduce:transition-none"
          id=":r0:"
        >
          Show done tasks
        </span>
      </label>
    </div>
  </body>,
  "container": <div>
    <label
      class="group relative max-w-fit inline-flex items-center justify-start cursor-pointer tap-highlight-transparent p-2 -m-2"
    >
      <span
        style="border: 0px; clip-path: inset(50%); height: 1px; margin: -1px; overflow: hidden; padding: 0px; position: absolute; width: 1px; white-space: nowrap;"
      >
        <input
          aria-label="Show done tasks"
          aria-labelledby=":r0:"
          type="checkbox"
          value=""
        />
      </span>
      <span
        aria-hidden="true"
        class="relative inline-flex items-center justify-center flex-shrink-0 overflow-hidden before:content-[''] before:absolute before:inset-0 before:border-solid before:border-2 before:box-border before:border-default after:content-[''] after:absolute after:inset-0 after:scale-50 after:opacity-0 after:origin-center group-data-[selected=true]:after:scale-100 group-data-[selected=true]:after:opacity-100 group-data-[hover=true]:before:bg-default-100 outline-none group-data-[focus-visible=true]:z-10 group-data-[focus-visible=true]:ring-2 group-data-[focus-visible=true]:ring-focus group-data-[focus-visible=true]:ring-offset-2 group-data-[focus-visible=true]:ring-offset-background after:bg-primary after:text-primary-foreground text-primary-foreground w-5 h-5 mr-2 rtl:ml-2 rtl:mr-[unset] rounded-[calc(theme(borderRadius.medium)*0.6)] before:rounded-[calc(theme(borderRadius.medium)*0.6)] after:rounded-[calc(theme(borderRadius.medium)*0.6)] before:transition-colors group-data-[pressed=true]:scale-95 transition-transform after:transition-transform-opacity after:!ease-linear after:!duration-200 motion-reduce:transition-none"
      >
        <svg
          aria-hidden="true"
          class="z-10 opacity-0 group-data-[selected=true]:opacity-100 w-4 h-3 transition-opacity motion-reduce:transition-none"
          role="presentation"
          viewBox="0 0 17 18"
        >
          <polyline
            fill="none"
            points="1 9 7 14 15 4"
            stroke="currentColor"
            stroke-dasharray="22"
            stroke-dashoffset="66"
            stroke-linecap="round"
            stroke-linejoin="round"
            stroke-width="2"
          />
        </svg>
      </span>
      <span
        class="relative text-foreground select-none text-medium transition-colors-opacity before:transition-width motion-reduce:transition-none"
        id=":r0:"
      >
        Show done tasks
      </span>
    </label>
  </div>,
  "debug": [Function],
  "findAllByAltText": [Function],
  "findAllByDisplayValue": [Function],
  "findAllByLabelText": [Function],
  "findAllByPlaceholderText": [Function],
  "findAllByRole": [Function],
  "findAllByTestId": [Function],
  "findAllByText": [Function],
  "findAllByTitle": [Function],
  "findByAltText": [Function],
  "findByDisplayValue": [Function],
  "findByLabelText": [Function],
  "findByPlaceholderText": [Function],
  "findByRole": [Function],
  "findByTestId": [Function],
  "findByText": [Function],
  "findByTitle": [Function],
  "getAllByAltText": [Function],
  "getAllByDisplayValue": [Function],
  "getAllByLabelText": [Function],
  "getAllByPlaceholderText": [Function],
  "getAllByRole": [Function],
  "getAllByTestId": [Function],
  "getAllByText": [Function],
  "getAllByTitle": [Function],
  "getByAltText": [Function],
  "getByDisplayValue": [Function],
  "getByLabelText": [Function],
  "getByPlaceholderText": [Function],
  "getByRole": [Function],
  "getByTestId": [Function],
  "getByText": [Function],
  "getByTitle": [Function],
  "queryAllByAltText": [Function],
  "queryAllByDisplayValue": [Function],
  "queryAllByLabelText": [Function],
  "queryAllByPlaceholderText": [Function],
  "queryAllByRole": [Function],
  "queryAllByTestId": [Function],
  "queryAllByText": [Function],
  "queryAllByTitle": [Function],
  "queryByAltText": [Function],
  "queryByDisplayValue": [Function],
  "queryByLabelText": [Function],
  "queryByPlaceholderText": [Function],
  "queryByRole": [Function],
  "queryByTestId": [Function],
  "queryByText": [Function],
  "queryByTitle": [Function],
  "rerender": [Function],
  "unmount": [Function],
}
`;
